     0 Limbo - Internal
     1 The City of Itrius
     2 The Newbie School & Start Town (Newhaven)
     3 Locris Ferry - Start Town
     4 The Jail
     5 Meiden Forest
     6 Oranthalon (Methus)
    10 New Zone (Infinitie)
    11 The Mystery (Ace)
    12 God Simplex
    14 Castle In Ruins (Uther)
    15 Jarik's Watch
    16 Mountain Ruins (Balthazaar)
    20 The Kobold Caves (Lorr)
    21 Goblin Outpost/Forest/Manner (Lorr)
    22 Drunamour Keep (Walker)
    30 The Sundered Marches
    31 The Sunken Cloister
    32 The Ashen Spire
    48 The Itrius Arena
    68 Quest Vault 68
    86 Quest Vault 86
    90 Quest Vault 90
   187 Quest Vault 187
 20000 The Surface Map
